// Jest Snapshot v1, https://goo.gl/fbAQLP

exports[`UndoList 参数为 [] 时, 对应 count 应该为 0, 列表无内容 1`] = `
<div class="undo-list-container">
  <div>
    代办列表: <span></span></div>
  <ul data-test="undo-list" class="undo-list"></ul>
</div>
`;

exports[`header 样式添加快照 1`] = `
<div class="header">
  <div class="content">
    TodoList
    <input data-test="input" placeholder="请输入代办事项" class="input">
  </div>
</div>
`;
